// Jest Snapshot v1, https://goo.gl/fbAQLP

exports[`Search renders correctly with no props 1`] = `
<form
  action="https://www.getyourguide.com/s"
  className="gyg-search"
  onSubmit={[Function]}
  style={
    Object {
      "backgroundColor": "#1a2b49",
      "borderRadius": "2px",
      "fontFamily": "\\"GT Eesti\\",Arial,sans-serif",
      "marginBottom": "1.5em",
      "padding": "24px",
    }
  }
>
  <input
    className="q"
    name="q"
    type="hidden"
    value=""
  />
  <label
    htmlFor="gyg-search-input-1"
    style={
      Object {
        "flex": "1 0 auto",
      }
    }
  >
    <h2
      style={
        Object {
          "color": "#fff",
          "fontSize": "24px",
          "margin": "0 0 12px",
          "padding": 0,
        }
      }
    >
      Search GetYourGuide
    </h2>
  </label>
  <span
    style={
      Object {
        "display": "flex",
        "maxHeight": "48px",
      }
    }
  >
    <input
      className="gyg-search-input"
      id="gyg-search-input-1"
      placeholder="Where are you going?"
      style={
        Object {
          "border": 0,
          "borderRadius": "2px",
          "fontSize": "16px",
          "marginRight": "16px",
          "padding": "8px",
          "width": "100%",
        }
      }
    />
    <button
      style={
        Object {
          "appearance": "none",
          "backgroundColor": "#1593ff",
          "border": 0,
          "borderRadius": "5rem",
          "color": "#fff",
          "fontSize": "16px",
          "padding": 0,
          "textTransform": "none",
        }
      }
      type="submit"
    >
      <span
        style={
          Object {
            "alignItems": "center",
            "display": "flex",
            "padding": "8px",
          }
        }
      >
        <svg
          height="1792"
          style={
            Object {
              "fill": "#fff",
              "marginRight": "8px",
              "maxHeight": "16px",
              "maxWidth": "16px",
            }
          }
          viewBox="0 0 1792 1792"
          width="1792"
          xmlns="http://www.w3.org/2000/svg"
        >
          <path
            d="M1216 832q0-185-131.5-316.5t-316.5-131.5-316.5 131.5-131.5 316.5 131.5 316.5 316.5 131.5 316.5-131.5 131.5-316.5zm512 832q0 52-38 90t-90 38q-54 0-90-38l-343-342q-179 124-399 124-143 0-273.5-55.5t-225-150-150-225-55.5-273.5 55.5-273.5 150-225 225-150 273.5-55.5 273.5 55.5 225 150 150 225 55.5 273.5q0 220-124 399l343 343q37 37 37 90z"
          />
        </svg>
        Search
      </span>
    </button>
  </span>
</form>
`;
